[2026-09-05T21:43:25.400125+00:00] ===================================================================
[2026-09-05T21:43:25.400157+00:00]  Starting Telemetry Acquisition: run-002-a1h
[2026-09-05T21:43:25.400167+00:00]  Protocol: BatteryArchive Public Download Protocol
[2026-09-05T21:43:25.400186+00:00] ===================================================================

[2026-09-05T21:43:25.400633+00:00] Total expected SNL cohort cells: 86
[2026-09-05T21:43:25.400668+00:00] [1/86] Fetching SNL_18650_LFP_15C_0-100_0.5-1C_a_cycle_data.csv...
[2026-09-05T21:43:26.711924+00:00] [2/86] Fetching SNL_18650_LFP_15C_0-100_0.5-1C_b_cycle_data.csv...
[2026-09-05T21:43:28.576760+00:00] [3/86] Fetching SNL_18650_LFP_15C_0-100_0.5-2C_a_cycle_data.csv...
[2026-09-05T21:43:29.423975+00:00] [4/86] Fetching SNL_18650_LFP_15C_0-100_0.5-2C_b_cycle_data.csv...
[2026-09-05T21:43:30.213912+00:00] [5/86] Fetching SNL_18650_LFP_25C_0-100_0.5-0.5C_a_cycle_data.csv...
[2026-09-05T21:43:31.026455+00:00] [6/86] Fetching SNL_18650_LFP_25C_0-100_0.5-1C_a_cycle_data.csv...
[2026-09-05T21:43:31.845479+00:00] [7/86] Fetching SNL_18650_LFP_25C_0-100_0.5-1C_b_cycle_data.csv...
[2026-09-05T21:43:32.665599+00:00] [8/86] Fetching SNL_18650_LFP_25C_0-100_0.5-1C_c_cycle_data.csv...
[2026-09-05T21:43:33.491124+00:00] [9/86] Fetching SNL_18650_LFP_25C_0-100_0.5-1C_d_cycle_data.csv...
[2026-09-05T21:43:34.312819+00:00] [10/86] Fetching SNL_18650_LFP_25C_0-100_0.5-2C_a_cycle_data.csv...
[2026-09-05T21:43:35.345098+00:00] [11/86] Fetching SNL_18650_LFP_25C_0-100_0.5-2C_b_cycle_data.csv...
[2026-09-05T21:43:36.257896+00:00] [12/86] Fetching SNL_18650_LFP_25C_0-100_0.5-3C_a_cycle_data.csv...
[2026-09-05T21:43:37.384592+00:00] [13/86] Fetching SNL_18650_LFP_25C_0-100_0.5-3C_b_cycle_data.csv...
[2026-09-05T21:43:38.398171+00:00] [14/86] Fetching SNL_18650_LFP_25C_0-100_0.5-3C_c_cycle_data.csv...
[2026-09-05T21:43:39.285545+00:00] [15/86] Fetching SNL_18650_LFP_25C_0-100_0.5-3C_d_cycle_data.csv...
[2026-09-05T21:43:41.702056+00:00] [16/86] Fetching SNL_18650_LFP_25C_20-80_0.5-0.5C_a_cycle_data.csv...
[2026-09-05T21:43:42.714545+00:00] [17/86] Fetching SNL_18650_LFP_25C_20-80_0.5-0.5C_b_cycle_data.csv...
[2026-09-05T21:43:45.471789+00:00] [18/86] Fetching SNL_18650_LFP_25C_20-80_0.5-0.5C_c_cycle_data.csv...
[2026-09-05T21:43:46.394453+00:00] [19/86] Fetching SNL_18650_LFP_25C_20-80_0.5-0.5C_d_cycle_data.csv...
[2026-09-05T21:43:47.771074+00:00] [20/86] Fetching SNL_18650_LFP_25C_20-80_0.5-3C_a_cycle_data.csv...
[2026-09-05T21:43:49.260427+00:00] [21/86] Fetching SNL_18650_LFP_25C_40-60_0.5-0.5C_a_cycle_data.csv...
[2026-09-05T21:43:50.286659+00:00] [22/86] Fetching SNL_18650_LFP_25C_40-60_0.5-0.5C_b_cycle_data.csv...
[2026-09-05T21:43:51.098965+00:00] [23/86] Fetching SNL_18650_LFP_25C_40-60_0.5-3C_a_cycle_data.csv...
[2026-09-05T21:43:52.122393+00:00] [24/86] Fetching SNL_18650_LFP_25C_40-60_0.5-3C_b_cycle_data.csv...
[2026-09-05T21:43:52.947540+00:00] [25/86] Fetching SNL_18650_LFP_35C_0-100_0.5-1C_a_cycle_data.csv...
[2026-09-05T21:43:53.768722+00:00] [26/86] Fetching SNL_18650_LFP_35C_0-100_0.5-1C_b_cycle_data.csv...
[2026-09-05T21:43:54.578849+00:00] [27/86] Fetching SNL_18650_LFP_35C_0-100_0.5-1C_c_cycle_data.csv...
[2026-09-05T21:43:55.611596+00:00] [28/86] Fetching SNL_18650_LFP_35C_0-100_0.5-1C_d_cycle_data.csv...
[2026-09-05T21:43:56.634347+00:00] [29/86] Fetching SNL_18650_LFP_35C_0-100_0.5-2C_a_cycle_data.csv...
[2026-09-05T21:43:57.660447+00:00] [30/86] Fetching SNL_18650_LFP_35C_0-100_0.5-2C_b_cycle_data.csv...
[2026-09-05T21:43:58.887004+00:00] [31/86] Fetching SNL_18650_NCA_15C_0-100_0.5-1C_a_cycle_data.csv...
[2026-09-05T21:43:59.707216+00:00] [32/86] Fetching SNL_18650_NCA_15C_0-100_0.5-1C_b_cycle_data.csv...
[2026-09-05T21:44:00.723983+00:00] [33/86] Fetching SNL_18650_NCA_15C_0-100_0.5-2C_a_cycle_data.csv...
[2026-09-05T21:44:01.455921+00:00] [34/86] Fetching SNL_18650_NCA_15C_0-100_0.5-2C_b_cycle_data.csv...
[2026-09-05T21:44:02.369071+00:00] [35/86] Fetching SNL_18650_NCA_25C_0-100_0.5-0.5C_a_cycle_data.csv...
[2026-09-05T21:44:03.396296+00:00] [36/86] Fetching SNL_18650_NCA_25C_0-100_0.5-0.5C_b_cycle_data.csv...
[2026-09-05T21:44:04.207506+00:00] [37/86] Fetching SNL_18650_NCA_25C_0-100_0.5-1C_a_cycle_data.csv...
[2026-09-05T21:44:04.922044+00:00] [38/86] Fetching SNL_18650_NCA_25C_0-100_0.5-1C_b_cycle_data.csv...
[2026-09-05T21:44:05.850796+00:00] [39/86] Fetching SNL_18650_NCA_25C_0-100_0.5-1C_c_cycle_data.csv...
[2026-09-05T21:44:06.876137+00:00] [40/86] Fetching SNL_18650_NCA_25C_0-100_0.5-1C_d_cycle_data.csv...
[2026-09-05T21:44:07.695093+00:00] [41/86] Fetching SNL_18650_NCA_25C_0-100_0.5-2C_a_cycle_data.csv...
[2026-09-05T21:44:08.513567+00:00] [42/86] Fetching SNL_18650_NCA_25C_0-100_0.5-2C_b_cycle_data.csv...
[2026-09-05T21:44:09.310500+00:00] [43/86] Fetching SNL_18650_NCA_25C_20-80_0.5-0.5C_a_cycle_data.csv...
[2026-09-05T21:44:10.355988+00:00] [44/86] Fetching SNL_18650_NCA_25C_20-80_0.5-0.5C_b_cycle_data.csv...
[2026-09-05T21:44:11.177033+00:00] [45/86] Fetching SNL_18650_NCA_25C_20-80_0.5-0.5C_c_cycle_data.csv...
[2026-09-05T21:44:11.988209+00:00] [46/86] Fetching SNL_18650_NCA_25C_20-80_0.5-0.5C_d_cycle_data.csv...
[2026-09-05T21:44:12.808395+00:00] [47/86] Fetching SNL_18650_NCA_25C_40-60_0.5-0.5C_a_cycle_data.csv...
[2026-09-05T21:44:13.531834+00:00] [48/86] Fetching SNL_18650_NCA_25C_40-60_0.5-0.5C_b_cycle_data.csv...
[2026-09-05T21:44:14.445744+00:00] [49/86] Fetching SNL_18650_NCA_35C_0-100_0.5-1C_a_cycle_data.csv...
[2026-09-05T21:44:15.271508+00:00] [50/86] Fetching SNL_18650_NCA_35C_0-100_0.5-1C_b_cycle_data.csv...
[2026-09-05T21:44:16.085175+00:00] [51/86] Fetching SNL_18650_NCA_35C_0-100_0.5-1C_c_cycle_data.csv...
[2026-09-05T21:44:16.904626+00:00] [52/86] Fetching SNL_18650_NCA_35C_0-100_0.5-1C_d_cycle_data.csv...
[2026-09-05T21:44:17.729172+00:00] [53/86] Fetching SNL_18650_NCA_35C_0-100_0.5-2C_a_cycle_data.csv...
[2026-09-05T21:44:18.541626+00:00] [54/86] Fetching SNL_18650_NCA_35C_0-100_0.5-2C_b_cycle_data.csv...
[2026-09-05T21:44:19.358011+00:00] [55/86] Fetching SNL_18650_NMC_15C_0-100_0.5-1C_a_cycle_data.csv...
[2026-09-05T21:44:20.188834+00:00] [56/86] Fetching SNL_18650_NMC_15C_0-100_0.5-1C_b_cycle_data.csv...
[2026-09-05T21:44:21.000519+00:00] [57/86] Fetching SNL_18650_NMC_15C_0-100_0.5-2C_a_cycle_data.csv...
[2026-09-05T21:44:21.828086+00:00] [58/86] Fetching SNL_18650_NMC_15C_0-100_0.5-2C_b_cycle_data.csv...
[2026-09-05T21:44:22.640786+00:00] [59/86] Fetching SNL_18650_NMC_25C_0-100_0.5-0.5C_a_cycle_data.csv...
[2026-09-05T21:44:23.465504+00:00] [60/86] Fetching SNL_18650_NMC_25C_0-100_0.5-0.5C_b_cycle_data.csv...
[2026-09-05T21:44:24.285515+00:00] [61/86] Fetching SNL_18650_NMC_25C_0-100_0.5-1C_a_cycle_data.csv...
[2026-09-05T21:44:25.301723+00:00] [62/86] Fetching SNL_18650_NMC_25C_0-100_0.5-1C_b_cycle_data.csv...
[2026-09-05T21:44:26.127659+00:00] [63/86] Fetching SNL_18650_NMC_25C_0-100_0.5-1C_c_cycle_data.csv...
[2026-09-05T21:44:26.946445+00:00] [64/86] Fetching SNL_18650_NMC_25C_0-100_0.5-1C_d_cycle_data.csv...
[2026-09-05T21:44:27.758919+00:00] [65/86] Fetching SNL_18650_NMC_25C_0-100_0.5-2C_a_cycle_data.csv...
[2026-09-05T21:44:28.584457+00:00] [66/86] Fetching SNL_18650_NMC_25C_0-100_0.5-2C_b_cycle_data.csv...
[2026-09-05T21:44:29.435580+00:00] [67/86] Fetching SNL_18650_NMC_25C_0-100_0.5-3C_a_cycle_data.csv...
[2026-09-05T21:44:31.092085+00:00] [68/86] Fetching SNL_18650_NMC_25C_0-100_0.5-3C_b_cycle_data.csv...
[2026-09-05T21:44:31.855421+00:00] [69/86] Fetching SNL_18650_NMC_25C_0-100_0.5-3C_c_cycle_data.csv...
[2026-09-05T21:44:32.495957+00:00] [70/86] Fetching SNL_18650_NMC_25C_0-100_0.5-3C_d_cycle_data.csv...
[2026-09-05T21:44:33.550616+00:00] [71/86] Fetching SNL_18650_NMC_25C_20-80_0.5-0.5C_a_cycle_data.csv...
[2026-09-05T21:44:34.517896+00:00] [72/86] Fetching SNL_18650_NMC_25C_20-80_0.5-0.5C_b_cycle_data.csv...
[2026-09-05T21:44:35.346766+00:00] [73/86] Fetching SNL_18650_NMC_25C_20-80_0.5-0.5C_c_cycle_data.csv...
[2026-09-05T21:44:36.368240+00:00] [74/86] Fetching SNL_18650_NMC_25C_20-80_0.5-0.5C_d_cycle_data.csv...
[2026-09-05T21:44:37.344163+00:00] [75/86] Fetching SNL_18650_NMC_25C_20-80_0.5-3C_a_cycle_data.csv...
[2026-09-05T21:44:38.215132+00:00] [76/86] Fetching SNL_18650_NMC_25C_20-80_0.5-3C_b_cycle_data.csv...
[2026-09-05T21:44:39.235399+00:00] [77/86] Fetching SNL_18650_NMC_25C_40-60_0.5-0.5C_a_cycle_data.csv...
[2026-09-05T21:44:40.260789+00:00] [78/86] Fetching SNL_18650_NMC_25C_40-60_0.5-0.5C_b_cycle_data.csv...
[2026-09-05T21:44:41.276617+00:00] [79/86] Fetching SNL_18650_NMC_25C_40-60_0.5-3C_a_cycle_data.csv...
[2026-09-05T21:44:42.300295+00:00] [80/86] Fetching SNL_18650_NMC_25C_40-60_0.5-3C_b_cycle_data.csv...
[2026-09-05T21:44:43.126668+00:00] [81/86] Fetching SNL_18650_NMC_35C_0-100_0.5-1C_a_cycle_data.csv...
[2026-09-05T21:44:43.939444+00:00] [82/86] Fetching SNL_18650_NMC_35C_0-100_0.5-1C_b_cycle_data.csv...
[2026-09-05T21:44:44.765213+00:00] [83/86] Fetching SNL_18650_NMC_35C_0-100_0.5-1C_c_cycle_data.csv...
[2026-09-05T21:44:45.783491+00:00] [84/86] Fetching SNL_18650_NMC_35C_0-100_0.5-1C_d_cycle_data.csv...
[2026-09-05T21:44:46.601394+00:00] [85/86] Fetching SNL_18650_NMC_35C_0-100_0.5-2C_a_cycle_data.csv...
[2026-09-05T21:44:47.427319+00:00] [86/86] Fetching SNL_18650_NMC_35C_0-100_0.5-2C_b_cycle_data.csv...
