[2026-09-05T21:43:26.511076+00:00] HTTP 404 for SNL_18650_LFP_15C_0-100_0.5/1C_a (SNL_18650_LFP_15C_0-100_0.5-1C_a_cycle_data.csv): Not Found
[2026-09-05T21:43:28.376040+00:00] HTTP 404 for SNL_18650_LFP_15C_0-100_0.5/1C_b (SNL_18650_LFP_15C_0-100_0.5-1C_b_cycle_data.csv): Not Found
[2026-09-05T21:43:29.223147+00:00] HTTP 404 for SNL_18650_LFP_15C_0-100_0.5/2C_a (SNL_18650_LFP_15C_0-100_0.5-2C_a_cycle_data.csv): Not Found
[2026-09-05T21:43:30.013124+00:00] HTTP 404 for SNL_18650_LFP_15C_0-100_0.5/2C_b (SNL_18650_LFP_15C_0-100_0.5-2C_b_cycle_data.csv): Not Found
[2026-09-05T21:43:30.825736+00:00] HTTP 404 for SNL_18650_LFP_25C_0-100_0.5/0.5C_a (SNL_18650_LFP_25C_0-100_0.5-0.5C_a_cycle_data.csv): Not Found
[2026-09-05T21:43:31.644710+00:00] HTTP 404 for SNL_18650_LFP_25C_0-100_0.5/1C_a (SNL_18650_LFP_25C_0-100_0.5-1C_a_cycle_data.csv): Not Found
[2026-09-05T21:43:32.465116+00:00] HTTP 404 for SNL_18650_LFP_25C_0-100_0.5/1C_b (SNL_18650_LFP_25C_0-100_0.5-1C_b_cycle_data.csv): Not Found
[2026-09-05T21:43:33.290379+00:00] HTTP 404 for SNL_18650_LFP_25C_0-100_0.5/1C_c (SNL_18650_LFP_25C_0-100_0.5-1C_c_cycle_data.csv): Not Found
[2026-09-05T21:43:34.112104+00:00] HTTP 404 for SNL_18650_LFP_25C_0-100_0.5/1C_d (SNL_18650_LFP_25C_0-100_0.5-1C_d_cycle_data.csv): Not Found
[2026-09-05T21:43:35.144640+00:00] HTTP 404 for SNL_18650_LFP_25C_0-100_0.5/2C_a (SNL_18650_LFP_25C_0-100_0.5-2C_a_cycle_data.csv): Not Found
[2026-09-05T21:43:36.057296+00:00] HTTP 404 for SNL_18650_LFP_25C_0-100_0.5/2C_b (SNL_18650_LFP_25C_0-100_0.5-2C_b_cycle_data.csv): Not Found
[2026-09-05T21:43:37.183746+00:00] HTTP 404 for SNL_18650_LFP_25C_0-100_0.5/3C_a (SNL_18650_LFP_25C_0-100_0.5-3C_a_cycle_data.csv): Not Found
[2026-09-05T21:43:38.197772+00:00] HTTP 404 for SNL_18650_LFP_25C_0-100_0.5/3C_b (SNL_18650_LFP_25C_0-100_0.5-3C_b_cycle_data.csv): Not Found
[2026-09-05T21:43:39.085025+00:00] HTTP 404 for SNL_18650_LFP_25C_0-100_0.5/3C_c (SNL_18650_LFP_25C_0-100_0.5-3C_c_cycle_data.csv): Not Found
[2026-09-05T21:43:41.501556+00:00] HTTP 404 for SNL_18650_LFP_25C_0-100_0.5/3C_d (SNL_18650_LFP_25C_0-100_0.5-3C_d_cycle_data.csv): Not Found
[2026-09-05T21:43:42.513794+00:00] HTTP 404 for SNL_18650_LFP_25C_20-80_0.5/0.5C_a (SNL_18650_LFP_25C_20-80_0.5-0.5C_a_cycle_data.csv): Not Found
[2026-09-05T21:43:45.271236+00:00] HTTP 404 for SNL_18650_LFP_25C_20-80_0.5/0.5C_b (SNL_18650_LFP_25C_20-80_0.5-0.5C_b_cycle_data.csv): Not Found
[2026-09-05T21:43:46.193721+00:00] HTTP 404 for SNL_18650_LFP_25C_20-80_0.5/0.5C_c (SNL_18650_LFP_25C_20-80_0.5-0.5C_c_cycle_data.csv): Not Found
[2026-09-05T21:43:47.570701+00:00] HTTP 404 for SNL_18650_LFP_25C_20-80_0.5/0.5C_d (SNL_18650_LFP_25C_20-80_0.5-0.5C_d_cycle_data.csv): Not Found
[2026-09-05T21:43:49.059620+00:00] HTTP 404 for SNL_18650_LFP_25C_20-80_0.5/3C_a (SNL_18650_LFP_25C_20-80_0.5-3C_a_cycle_data.csv): Not Found
[2026-09-05T21:43:50.085881+00:00] HTTP 404 for SNL_18650_LFP_25C_40-60_0.5/0.5C_a (SNL_18650_LFP_25C_40-60_0.5-0.5C_a_cycle_data.csv): Not Found
[2026-09-05T21:43:50.898359+00:00] HTTP 404 for SNL_18650_LFP_25C_40-60_0.5/0.5C_b (SNL_18650_LFP_25C_40-60_0.5-0.5C_b_cycle_data.csv): Not Found
[2026-09-05T21:43:51.921614+00:00] HTTP 404 for SNL_18650_LFP_25C_40-60_0.5/3C_a (SNL_18650_LFP_25C_40-60_0.5-3C_a_cycle_data.csv): Not Found
[2026-09-05T21:43:52.746782+00:00] HTTP 404 for SNL_18650_LFP_25C_40-60_0.5/3C_b (SNL_18650_LFP_25C_40-60_0.5-3C_b_cycle_data.csv): Not Found
[2026-09-05T21:43:53.567938+00:00] HTTP 404 for SNL_18650_LFP_35C_0-100_0.5/1C_a (SNL_18650_LFP_35C_0-100_0.5-1C_a_cycle_data.csv): Not Found
[2026-09-05T21:43:54.378408+00:00] HTTP 404 for SNL_18650_LFP_35C_0-100_0.5/1C_b (SNL_18650_LFP_35C_0-100_0.5-1C_b_cycle_data.csv): Not Found
[2026-09-05T21:43:55.410919+00:00] HTTP 404 for SNL_18650_LFP_35C_0-100_0.5/1C_c (SNL_18650_LFP_35C_0-100_0.5-1C_c_cycle_data.csv): Not Found
[2026-09-05T21:43:56.433730+00:00] HTTP 404 for SNL_18650_LFP_35C_0-100_0.5/1C_d (SNL_18650_LFP_35C_0-100_0.5-1C_d_cycle_data.csv): Not Found
[2026-09-05T21:43:57.459842+00:00] HTTP 404 for SNL_18650_LFP_35C_0-100_0.5/2C_a (SNL_18650_LFP_35C_0-100_0.5-2C_a_cycle_data.csv): Not Found
[2026-09-05T21:43:58.686398+00:00] HTTP 404 for SNL_18650_LFP_35C_0-100_0.5/2C_b (SNL_18650_LFP_35C_0-100_0.5-2C_b_cycle_data.csv): Not Found
[2026-09-05T21:43:59.506463+00:00] HTTP 404 for SNL_18650_NCA_15C_0-100_0.5/1C_a (SNL_18650_NCA_15C_0-100_0.5-1C_a_cycle_data.csv): Not Found
[2026-09-05T21:44:00.523506+00:00] HTTP 404 for SNL_18650_NCA_15C_0-100_0.5/1C_b (SNL_18650_NCA_15C_0-100_0.5-1C_b_cycle_data.csv): Not Found
[2026-09-05T21:44:01.254986+00:00] HTTP 404 for SNL_18650_NCA_15C_0-100_0.5/2C_a (SNL_18650_NCA_15C_0-100_0.5-2C_a_cycle_data.csv): Not Found
[2026-09-05T21:44:02.168309+00:00] HTTP 404 for SNL_18650_NCA_15C_0-100_0.5/2C_b (SNL_18650_NCA_15C_0-100_0.5-2C_b_cycle_data.csv): Not Found
[2026-09-05T21:44:03.195778+00:00] HTTP 404 for SNL_18650_NCA_25C_0-100_0.5/0.5C_a (SNL_18650_NCA_25C_0-100_0.5-0.5C_a_cycle_data.csv): Not Found
[2026-09-05T21:44:04.006855+00:00] HTTP 404 for SNL_18650_NCA_25C_0-100_0.5/0.5C_b (SNL_18650_NCA_25C_0-100_0.5-0.5C_b_cycle_data.csv): Not Found
[2026-09-05T21:44:04.721493+00:00] HTTP 404 for SNL_18650_NCA_25C_0-100_0.5/1C_a (SNL_18650_NCA_25C_0-100_0.5-1C_a_cycle_data.csv): Not Found
[2026-09-05T21:44:05.650283+00:00] HTTP 404 for SNL_18650_NCA_25C_0-100_0.5/1C_b (SNL_18650_NCA_25C_0-100_0.5-1C_b_cycle_data.csv): Not Found
[2026-09-05T21:44:06.675395+00:00] HTTP 404 for SNL_18650_NCA_25C_0-100_0.5/1C_c (SNL_18650_NCA_25C_0-100_0.5-1C_c_cycle_data.csv): Not Found
[2026-09-05T21:44:07.494529+00:00] HTTP 404 for SNL_18650_NCA_25C_0-100_0.5/1C_d (SNL_18650_NCA_25C_0-100_0.5-1C_d_cycle_data.csv): Not Found
[2026-09-05T21:44:08.312911+00:00] HTTP 404 for SNL_18650_NCA_25C_0-100_0.5/2C_a (SNL_18650_NCA_25C_0-100_0.5-2C_a_cycle_data.csv): Not Found
[2026-09-05T21:44:09.109890+00:00] HTTP 404 for SNL_18650_NCA_25C_0-100_0.5/2C_b (SNL_18650_NCA_25C_0-100_0.5-2C_b_cycle_data.csv): Not Found
[2026-09-05T21:44:10.155574+00:00] HTTP 404 for SNL_18650_NCA_25C_20-80_0.5/0.5C_a (SNL_18650_NCA_25C_20-80_0.5-0.5C_a_cycle_data.csv): Not Found
[2026-09-05T21:44:10.976450+00:00] HTTP 404 for SNL_18650_NCA_25C_20-80_0.5/0.5C_b (SNL_18650_NCA_25C_20-80_0.5-0.5C_b_cycle_data.csv): Not Found
[2026-09-05T21:44:11.787600+00:00] HTTP 404 for SNL_18650_NCA_25C_20-80_0.5/0.5C_c (SNL_18650_NCA_25C_20-80_0.5-0.5C_c_cycle_data.csv): Not Found
[2026-09-05T21:44:12.607629+00:00] HTTP 404 for SNL_18650_NCA_25C_20-80_0.5/0.5C_d (SNL_18650_NCA_25C_20-80_0.5-0.5C_d_cycle_data.csv): Not Found
[2026-09-05T21:44:13.331217+00:00] HTTP 404 for SNL_18650_NCA_25C_40-60_0.5/0.5C_a (SNL_18650_NCA_25C_40-60_0.5-0.5C_a_cycle_data.csv): Not Found
[2026-09-05T21:44:14.245305+00:00] HTTP 404 for SNL_18650_NCA_25C_40-60_0.5/0.5C_b (SNL_18650_NCA_25C_40-60_0.5-0.5C_b_cycle_data.csv): Not Found
[2026-09-05T21:44:15.071020+00:00] HTTP 404 for SNL_18650_NCA_35C_0-100_0.5/1C_a (SNL_18650_NCA_35C_0-100_0.5-1C_a_cycle_data.csv): Not Found
[2026-09-05T21:44:15.884308+00:00] HTTP 404 for SNL_18650_NCA_35C_0-100_0.5/1C_b (SNL_18650_NCA_35C_0-100_0.5-1C_b_cycle_data.csv): Not Found
[2026-09-05T21:44:16.703843+00:00] HTTP 404 for SNL_18650_NCA_35C_0-100_0.5/1C_c (SNL_18650_NCA_35C_0-100_0.5-1C_c_cycle_data.csv): Not Found
[2026-09-05T21:44:17.528596+00:00] HTTP 404 for SNL_18650_NCA_35C_0-100_0.5/1C_d (SNL_18650_NCA_35C_0-100_0.5-1C_d_cycle_data.csv): Not Found
[2026-09-05T21:44:18.341039+00:00] HTTP 404 for SNL_18650_NCA_35C_0-100_0.5/2C_a (SNL_18650_NCA_35C_0-100_0.5-2C_a_cycle_data.csv): Not Found
[2026-09-05T21:44:19.157583+00:00] HTTP 404 for SNL_18650_NCA_35C_0-100_0.5/2C_b (SNL_18650_NCA_35C_0-100_0.5-2C_b_cycle_data.csv): Not Found
[2026-09-05T21:44:19.988066+00:00] HTTP 404 for SNL_18650_NMC_15C_0-100_0.5/1C_a (SNL_18650_NMC_15C_0-100_0.5-1C_a_cycle_data.csv): Not Found
[2026-09-05T21:44:20.799692+00:00] HTTP 404 for SNL_18650_NMC_15C_0-100_0.5/1C_b (SNL_18650_NMC_15C_0-100_0.5-1C_b_cycle_data.csv): Not Found
[2026-09-05T21:44:21.627389+00:00] HTTP 404 for SNL_18650_NMC_15C_0-100_0.5/2C_a (SNL_18650_NMC_15C_0-100_0.5-2C_a_cycle_data.csv): Not Found
[2026-09-05T21:44:22.440221+00:00] HTTP 404 for SNL_18650_NMC_15C_0-100_0.5/2C_b (SNL_18650_NMC_15C_0-100_0.5-2C_b_cycle_data.csv): Not Found
[2026-09-05T21:44:23.264355+00:00] HTTP 404 for SNL_18650_NMC_25C_0-100_0.5/0.5C_a (SNL_18650_NMC_25C_0-100_0.5-0.5C_a_cycle_data.csv): Not Found
[2026-09-05T21:44:24.082729+00:00] HTTP 404 for SNL_18650_NMC_25C_0-100_0.5/0.5C_b (SNL_18650_NMC_25C_0-100_0.5-0.5C_b_cycle_data.csv): Not Found
[2026-09-05T21:44:25.101075+00:00] HTTP 404 for SNL_18650_NMC_25C_0-100_0.5/1C_a (SNL_18650_NMC_25C_0-100_0.5-1C_a_cycle_data.csv): Not Found
[2026-09-05T21:44:25.926874+00:00] HTTP 404 for SNL_18650_NMC_25C_0-100_0.5/1C_b (SNL_18650_NMC_25C_0-100_0.5-1C_b_cycle_data.csv): Not Found
[2026-09-05T21:44:26.745792+00:00] HTTP 404 for SNL_18650_NMC_25C_0-100_0.5/1C_c (SNL_18650_NMC_25C_0-100_0.5-1C_c_cycle_data.csv): Not Found
[2026-09-05T21:44:27.558191+00:00] HTTP 404 for SNL_18650_NMC_25C_0-100_0.5/1C_d (SNL_18650_NMC_25C_0-100_0.5-1C_d_cycle_data.csv): Not Found
[2026-09-05T21:44:28.384184+00:00] HTTP 404 for SNL_18650_NMC_25C_0-100_0.5/2C_a (SNL_18650_NMC_25C_0-100_0.5-2C_a_cycle_data.csv): Not Found
[2026-09-05T21:44:29.234838+00:00] HTTP 404 for SNL_18650_NMC_25C_0-100_0.5/2C_b (SNL_18650_NMC_25C_0-100_0.5-2C_b_cycle_data.csv): Not Found
[2026-09-05T21:44:30.891420+00:00] HTTP 404 for SNL_18650_NMC_25C_0-100_0.5/3C_a (SNL_18650_NMC_25C_0-100_0.5-3C_a_cycle_data.csv): Not Found
[2026-09-05T21:44:31.654469+00:00] HTTP 404 for SNL_18650_NMC_25C_0-100_0.5/3C_b (SNL_18650_NMC_25C_0-100_0.5-3C_b_cycle_data.csv): Not Found
[2026-09-05T21:44:32.295167+00:00] HTTP 404 for SNL_18650_NMC_25C_0-100_0.5/3C_c (SNL_18650_NMC_25C_0-100_0.5-3C_c_cycle_data.csv): Not Found
[2026-09-05T21:44:33.349880+00:00] HTTP 404 for SNL_18650_NMC_25C_0-100_0.5/3C_d (SNL_18650_NMC_25C_0-100_0.5-3C_d_cycle_data.csv): Not Found
[2026-09-05T21:44:34.317114+00:00] HTTP 404 for SNL_18650_NMC_25C_20-80_0.5/0.5C_a (SNL_18650_NMC_25C_20-80_0.5-0.5C_a_cycle_data.csv): Not Found
[2026-09-05T21:44:35.145848+00:00] HTTP 404 for SNL_18650_NMC_25C_20-80_0.5/0.5C_b (SNL_18650_NMC_25C_20-80_0.5-0.5C_b_cycle_data.csv): Not Found
[2026-09-05T21:44:36.167401+00:00] HTTP 404 for SNL_18650_NMC_25C_20-80_0.5/0.5C_c (SNL_18650_NMC_25C_20-80_0.5-0.5C_c_cycle_data.csv): Not Found
[2026-09-05T21:44:37.143340+00:00] HTTP 404 for SNL_18650_NMC_25C_20-80_0.5/0.5C_d (SNL_18650_NMC_25C_20-80_0.5-0.5C_d_cycle_data.csv): Not Found
[2026-09-05T21:44:38.014508+00:00] HTTP 404 for SNL_18650_NMC_25C_20-80_0.5/3C_a (SNL_18650_NMC_25C_20-80_0.5-3C_a_cycle_data.csv): Not Found
[2026-09-05T21:44:39.034767+00:00] HTTP 404 for SNL_18650_NMC_25C_20-80_0.5/3C_b (SNL_18650_NMC_25C_20-80_0.5-3C_b_cycle_data.csv): Not Found
[2026-09-05T21:44:40.060107+00:00] HTTP 404 for SNL_18650_NMC_25C_40-60_0.5/0.5C_a (SNL_18650_NMC_25C_40-60_0.5-0.5C_a_cycle_data.csv): Not Found
[2026-09-05T21:44:41.075863+00:00] HTTP 404 for SNL_18650_NMC_25C_40-60_0.5/0.5C_b (SNL_18650_NMC_25C_40-60_0.5-0.5C_b_cycle_data.csv): Not Found
[2026-09-05T21:44:42.099514+00:00] HTTP 404 for SNL_18650_NMC_25C_40-60_0.5/3C_a (SNL_18650_NMC_25C_40-60_0.5-3C_a_cycle_data.csv): Not Found
[2026-09-05T21:44:42.926017+00:00] HTTP 404 for SNL_18650_NMC_25C_40-60_0.5/3C_b (SNL_18650_NMC_25C_40-60_0.5-3C_b_cycle_data.csv): Not Found
[2026-09-05T21:44:43.738747+00:00] HTTP 404 for SNL_18650_NMC_35C_0-100_0.5/1C_a (SNL_18650_NMC_35C_0-100_0.5-1C_a_cycle_data.csv): Not Found
[2026-09-05T21:44:44.564506+00:00] HTTP 404 for SNL_18650_NMC_35C_0-100_0.5/1C_b (SNL_18650_NMC_35C_0-100_0.5-1C_b_cycle_data.csv): Not Found
[2026-09-05T21:44:45.582788+00:00] HTTP 404 for SNL_18650_NMC_35C_0-100_0.5/1C_c (SNL_18650_NMC_35C_0-100_0.5-1C_c_cycle_data.csv): Not Found
[2026-09-05T21:44:46.400653+00:00] HTTP 404 for SNL_18650_NMC_35C_0-100_0.5/1C_d (SNL_18650_NMC_35C_0-100_0.5-1C_d_cycle_data.csv): Not Found
[2026-09-05T21:44:47.226685+00:00] HTTP 404 for SNL_18650_NMC_35C_0-100_0.5/2C_a (SNL_18650_NMC_35C_0-100_0.5-2C_a_cycle_data.csv): Not Found
[2026-09-05T21:44:48.250202+00:00] HTTP 404 for SNL_18650_NMC_35C_0-100_0.5/2C_b (SNL_18650_NMC_35C_0-100_0.5-2C_b_cycle_data.csv): Not Found
